{"timestamp":"2026-03-10T00:49:49.764691Z","level":"info","event":"DAG bundles loaded: dags-folder, example_dags","logger":"airflow.dag_processing.bundles.manager.DagBundlesManager","filename":"manager.py","lineno":179}
{"timestamp":"2026-03-10T00:49:49.772355Z","level":"info","event":"Filling up the DagBag from /opt/airflow/dags/etl_dag.py","logger":"airflow.models.dagbag.BundleDagBag","filename":"dagbag.py","lineno":593}
{"timestamp":"2026-03-10T00:49:50.561888Z","level":"warning","event":"The `airflow.operators.python.PythonOperator` attribute is deprecated. Please use `'airflow.providers.standard.operators.python.PythonOperator'`.","category":"DeprecatedImportWarning","filename":"/opt/airflow/dags/etl_dag.py","lineno":2,"logger":"py.warnings"}
{"timestamp":"2026-03-10T00:49:50.882995Z","level":"info","event":"Task instance is in running state","logger":"task.stdout"}
{"timestamp":"2026-03-10T00:49:50.890720Z","level":"info","event":" Previous state of the Task instance: TaskInstanceState.QUEUED","logger":"task.stdout"}
{"timestamp":"2026-03-10T00:49:50.896357Z","level":"info","event":"Current task name:transform","logger":"task.stdout"}
{"timestamp":"2026-03-10T00:49:50.902765Z","level":"info","event":"Dag name:sales_etl_star_schema","logger":"task.stdout"}
{"timestamp":"2026-03-10T00:49:51.785013Z","level":"info","event":"Done. Returned value was: None","logger":"airflow.task.operators.airflow.providers.standard.operators.python.PythonOperator","filename":"python.py","lineno":230}
{"timestamp":"2026-03-10T00:49:51.925898Z","level":"info","event":"Task instance in success state","logger":"task.stdout"}
{"timestamp":"2026-03-10T00:49:51.928659Z","level":"info","event":" Previous state of the Task instance: TaskInstanceState.RUNNING","logger":"task.stdout"}
{"timestamp":"2026-03-10T00:49:51.931740Z","level":"info","event":"Task operator:<Task(PythonOperator): transform>","logger":"task.stdout"}
{"timestamp":"2026-03-10T01:26:05.856326Z","level":"info","event":"DAG bundles loaded: dags-folder, example_dags","logger":"airflow.dag_processing.bundles.manager.DagBundlesManager","filename":"manager.py","lineno":179}
{"timestamp":"2026-03-10T01:26:05.887474Z","level":"info","event":"Filling up the DagBag from /opt/airflow/dags/etl_dag.py","logger":"airflow.models.dagbag.BundleDagBag","filename":"dagbag.py","lineno":593}
{"timestamp":"2026-03-10T01:26:07.313954Z","level":"warning","event":"The `airflow.operators.python.PythonOperator` attribute is deprecated. Please use `'airflow.providers.standard.operators.python.PythonOperator'`.","category":"DeprecatedImportWarning","filename":"/opt/airflow/dags/etl_dag.py","lineno":2,"logger":"py.warnings"}
{"timestamp":"2026-03-10T01:26:07.726727Z","level":"info","event":"Task instance is in running state","logger":"task.stdout"}
{"timestamp":"2026-03-10T01:26:07.728133Z","level":"info","event":" Previous state of the Task instance: TaskInstanceState.QUEUED","logger":"task.stdout"}
{"timestamp":"2026-03-10T01:26:07.733324Z","level":"info","event":"Current task name:transform","logger":"task.stdout"}
{"timestamp":"2026-03-10T01:26:07.740852Z","level":"info","event":"Dag name:sales_etl_star_schema","logger":"task.stdout"}
{"timestamp":"2026-03-10T01:26:08.621285Z","level":"info","event":"Done. Returned value was: None","logger":"airflow.task.operators.airflow.providers.standard.operators.python.PythonOperator","filename":"python.py","lineno":230}
{"timestamp":"2026-03-10T01:26:08.774713Z","level":"info","event":"Task instance in success state","logger":"task.stdout"}
{"timestamp":"2026-03-10T01:26:08.775964Z","level":"info","event":" Previous state of the Task instance: TaskInstanceState.RUNNING","logger":"task.stdout"}
{"timestamp":"2026-03-10T01:26:08.777489Z","level":"info","event":"Task operator:<Task(PythonOperator): transform>","logger":"task.stdout"}
