{"timestamp":"2026-03-15T11:57:29.918732Z","level":"info","event":"Filling up the DagBag from /opt/airflow/dags/etl_dag.py","logger":"airflow.models.dagbag.BundleDagBag","filename":"dagbag.py","lineno":593}
{"timestamp":"2026-03-15T11:58:06.834060Z","level":"error","event":"Process timed out, PID: 202","logger":"airflow.models.dagbag","filename":"dagbag.py","lineno":134}
{"timestamp":"2026-03-15T11:58:08.616850Z","level":"error","event":"Failed to import: /opt/airflow/dags/etl_dag.py","logger":"airflow.models.dagbag.BundleDagBag","filename":"dagbag.py","lineno":415,"error_detail":[{"exc_type":"AirflowTaskTimeout","exc_value":"DagBag import timeout for /opt/airflow/dags/etl_dag.py after 30.0s.\nPlease take a look at these docs to improve your DAG import time:\n* https://airflow.apache.org/docs/apache-airflow/3.1.7/best-practices.html#top-level-python-code\n* https://airflow.apache.org/docs/apache-airflow/3.1.7/best-practices.html#reducing-dag-complexity, PID: 202","exc_notes":[],"syntax_error":null,"is_cause":false,"frames":[{"filename":"/home/airflow/.local/lib/python3.12/site-packages/airflow/models/dagbag.py","lineno":405,"name":"parse"},{"filename":"<frozen importlib._bootstrap_external>","lineno":999,"name":"exec_module"},{"filename":"<frozen importlib._bootstrap>","lineno":488,"name":"_call_with_frames_removed"},{"filename":"/opt/airflow/dags/etl_dag.py","lineno":5,"name":"<module>"},{"filename":"/home/airflow/.local/lib/python3.12/site-packages/mysql/connector/__init__.py","lineno":32,"name":"<module>"},{"filename":"/home/airflow/.local/lib/python3.12/site-packages/mysql/connector/connection_cext.py","lineno":53,"name":"<module>"},{"filename":"/home/airflow/.local/lib/python3.12/site-packages/mysql/connector/_decorating.py","lineno":36,"name":"<module>"},{"filename":"/home/airflow/.local/lib/python3.12/site-packages/mysql/connector/constants.py","lineno":39,"name":"<module>"},{"filename":"<frozen importlib._bootstrap>","lineno":1360,"name":"_find_and_load"},{"filename":"<frozen importlib._bootstrap>","lineno":1331,"name":"_find_and_load_unlocked"},{"filename":"<frozen importlib._bootstrap>","lineno":921,"name":"_load_unlocked"},{"filename":"<frozen importlib._bootstrap>","lineno":819,"name":"module_from_spec"},{"filename":"<frozen importlib._bootstrap>","lineno":798,"name":"_init_module_attrs"},{"filename":"<frozen importlib._bootstrap>","lineno":638,"name":"cached"},{"filename":"<frozen importlib._bootstrap_external>","lineno":618,"name":"_get_cached"},{"filename":"<frozen importlib._bootstrap_external>","lineno":512,"name":"cache_from_source"},{"filename":"<frozen importlib._bootstrap_external>","lineno":134,"name":"_path_split"},{"filename":"<frozen importlib._bootstrap_external>","lineno":134,"name":"<genexpr>"},{"filename":"/home/airflow/.local/lib/python3.12/site-packages/airflow/models/dagbag.py","lineno":135,"name":"handle_timeout"}],"is_group":false,"exceptions":[]}]}
{"timestamp":"2026-03-15T12:28:05.785235Z","level":"info","event":"Filling up the DagBag from /opt/airflow/dags/etl_dag.py","logger":"airflow.models.dagbag.BundleDagBag","filename":"dagbag.py","lineno":593}
{"timestamp":"2026-03-15T12:28:55.500025Z","level":"info","event":"Filling up the DagBag from /opt/airflow/dags/etl_dag.py","logger":"airflow.models.dagbag.BundleDagBag","filename":"dagbag.py","lineno":593}
{"timestamp":"2026-03-15T12:29:48.480060Z","level":"info","event":"Filling up the DagBag from /opt/airflow/dags/etl_dag.py","logger":"airflow.models.dagbag.BundleDagBag","filename":"dagbag.py","lineno":593}
{"timestamp":"2026-03-15T12:30:26.665798Z","level":"info","event":"Filling up the DagBag from /opt/airflow/dags/etl_dag.py","logger":"airflow.models.dagbag.BundleDagBag","filename":"dagbag.py","lineno":593}
{"timestamp":"2026-03-15T12:31:05.707628Z","level":"info","event":"Filling up the DagBag from /opt/airflow/dags/etl_dag.py","logger":"airflow.models.dagbag.BundleDagBag","filename":"dagbag.py","lineno":593}
{"timestamp":"2026-03-15T12:31:39.093754Z","level":"info","event":"Filling up the DagBag from /opt/airflow/dags/etl_dag.py","logger":"airflow.models.dagbag.BundleDagBag","filename":"dagbag.py","lineno":593}
{"timestamp":"2026-03-15T12:32:12.847373Z","level":"info","event":"Filling up the DagBag from /opt/airflow/dags/etl_dag.py","logger":"airflow.models.dagbag.BundleDagBag","filename":"dagbag.py","lineno":593}
{"timestamp":"2026-03-15T12:32:51.954735Z","level":"info","event":"Filling up the DagBag from /opt/airflow/dags/etl_dag.py","logger":"airflow.models.dagbag.BundleDagBag","filename":"dagbag.py","lineno":593}
{"timestamp":"2026-03-15T12:33:25.451674Z","level":"info","event":"Filling up the DagBag from /opt/airflow/dags/etl_dag.py","logger":"airflow.models.dagbag.BundleDagBag","filename":"dagbag.py","lineno":593}
{"timestamp":"2026-03-15T12:33:59.099946Z","level":"info","event":"Filling up the DagBag from /opt/airflow/dags/etl_dag.py","logger":"airflow.models.dagbag.BundleDagBag","filename":"dagbag.py","lineno":593}
{"timestamp":"2026-03-15T12:34:31.963555Z","level":"info","event":"Filling up the DagBag from /opt/airflow/dags/etl_dag.py","logger":"airflow.models.dagbag.BundleDagBag","filename":"dagbag.py","lineno":593}
{"timestamp":"2026-03-15T12:35:04.317541Z","level":"info","event":"Filling up the DagBag from /opt/airflow/dags/etl_dag.py","logger":"airflow.models.dagbag.BundleDagBag","filename":"dagbag.py","lineno":593}
{"timestamp":"2026-03-15T12:35:37.656227Z","level":"info","event":"Filling up the DagBag from /opt/airflow/dags/etl_dag.py","logger":"airflow.models.dagbag.BundleDagBag","filename":"dagbag.py","lineno":593}
{"timestamp":"2026-03-15T12:40:26.573330Z","level":"info","event":"Filling up the DagBag from /opt/airflow/dags/etl_dag.py","logger":"airflow.models.dagbag.BundleDagBag","filename":"dagbag.py","lineno":593}
{"timestamp":"2026-03-15T12:40:58.169315Z","level":"info","event":"Filling up the DagBag from /opt/airflow/dags/etl_dag.py","logger":"airflow.models.dagbag.BundleDagBag","filename":"dagbag.py","lineno":593}
{"timestamp":"2026-03-15T12:41:28.814030Z","level":"info","event":"Filling up the DagBag from /opt/airflow/dags/etl_dag.py","logger":"airflow.models.dagbag.BundleDagBag","filename":"dagbag.py","lineno":593}
{"timestamp":"2026-03-15T12:42:01.699571Z","level":"info","event":"Filling up the DagBag from /opt/airflow/dags/etl_dag.py","logger":"airflow.models.dagbag.BundleDagBag","filename":"dagbag.py","lineno":593}
{"timestamp":"2026-03-15T12:42:33.470965Z","level":"info","event":"Filling up the DagBag from /opt/airflow/dags/etl_dag.py","logger":"airflow.models.dagbag.BundleDagBag","filename":"dagbag.py","lineno":593}
{"timestamp":"2026-03-15T12:43:04.042699Z","level":"info","event":"Filling up the DagBag from /opt/airflow/dags/etl_dag.py","logger":"airflow.models.dagbag.BundleDagBag","filename":"dagbag.py","lineno":593}
{"timestamp":"2026-03-15T12:43:34.674227Z","level":"info","event":"Filling up the DagBag from /opt/airflow/dags/etl_dag.py","logger":"airflow.models.dagbag.BundleDagBag","filename":"dagbag.py","lineno":593}
{"timestamp":"2026-03-15T12:44:06.068529Z","level":"info","event":"Filling up the DagBag from /opt/airflow/dags/etl_dag.py","logger":"airflow.models.dagbag.BundleDagBag","filename":"dagbag.py","lineno":593}
{"timestamp":"2026-03-15T12:44:36.667518Z","level":"info","event":"Filling up the DagBag from /opt/airflow/dags/etl_dag.py","logger":"airflow.models.dagbag.BundleDagBag","filename":"dagbag.py","lineno":593}
{"timestamp":"2026-03-15T12:45:12.542287Z","level":"info","event":"Filling up the DagBag from /opt/airflow/dags/etl_dag.py","logger":"airflow.models.dagbag.BundleDagBag","filename":"dagbag.py","lineno":593}
{"timestamp":"2026-03-15T12:46:50.354445Z","level":"info","event":"Filling up the DagBag from /opt/airflow/dags/etl_dag.py","logger":"airflow.models.dagbag.BundleDagBag","filename":"dagbag.py","lineno":593}
{"timestamp":"2026-03-15T12:49:01.675146Z","level":"info","event":"Filling up the DagBag from /opt/airflow/dags/etl_dag.py","logger":"airflow.models.dagbag.BundleDagBag","filename":"dagbag.py","lineno":593}
{"timestamp":"2026-03-15T12:49:31.751174Z","level":"error","event":"Process timed out, PID: 900","logger":"airflow.models.dagbag","filename":"dagbag.py","lineno":134}
{"timestamp":"2026-03-15T12:49:31.995350Z","level":"error","event":"Failed to import: /opt/airflow/dags/etl_dag.py","logger":"airflow.models.dagbag.BundleDagBag","filename":"dagbag.py","lineno":415,"error_detail":[{"exc_type":"AirflowTaskTimeout","exc_value":"DagBag import timeout for /opt/airflow/dags/etl_dag.py after 30.0s.\nPlease take a look at these docs to improve your DAG import time:\n* https://airflow.apache.org/docs/apache-airflow/3.1.7/best-practices.html#top-level-python-code\n* https://airflow.apache.org/docs/apache-airflow/3.1.7/best-practices.html#reducing-dag-complexity, PID: 900","exc_notes":[],"syntax_error":null,"is_cause":false,"frames":[{"filename":"/home/airflow/.local/lib/python3.12/site-packages/airflow/models/dagbag.py","lineno":405,"name":"parse"},{"filename":"<frozen importlib._bootstrap_external>","lineno":999,"name":"exec_module"},{"filename":"<frozen importlib._bootstrap>","lineno":488,"name":"_call_with_frames_removed"},{"filename":"/opt/airflow/dags/etl_dag.py","lineno":5,"name":"<module>"},{"filename":"/home/airflow/.local/lib/python3.12/site-packages/mysql/connector/__init__.py","lineno":73,"name":"<module>"},{"filename":"/home/airflow/.local/lib/python3.12/site-packages/mysql/connector/pooling.py","lineno":43,"name":"<module>"},{"filename":"/home/airflow/.local/lib/python3.12/site-packages/dns/resolver.py","lineno":30,"name":"<module>"},{"filename":"/home/airflow/.local/lib/python3.12/site-packages/dns/_ddr.py","lineno":11,"name":"<module>"},{"filename":"/home/airflow/.local/lib/python3.12/site-packages/dns/name.py","lineno":26,"name":"<module>"},{"filename":"<frozen importlib._bootstrap>","lineno":1358,"name":"_find_and_load"},{"filename":"/home/airflow/.local/lib/python3.12/site-packages/airflow/models/dagbag.py","lineno":135,"name":"handle_timeout"}],"is_group":false,"exceptions":[]}]}
{"timestamp":"2026-03-15T16:24:09.409982Z","level":"info","event":"Filling up the DagBag from /opt/airflow/dags/etl_dag.py","logger":"airflow.models.dagbag.BundleDagBag","filename":"dagbag.py","lineno":593}
{"timestamp":"2026-03-15T16:24:42.022119Z","level":"info","event":"Filling up the DagBag from /opt/airflow/dags/etl_dag.py","logger":"airflow.models.dagbag.BundleDagBag","filename":"dagbag.py","lineno":593}
{"timestamp":"2026-03-15T16:25:13.471249Z","level":"info","event":"Filling up the DagBag from /opt/airflow/dags/etl_dag.py","logger":"airflow.models.dagbag.BundleDagBag","filename":"dagbag.py","lineno":593}
{"timestamp":"2026-03-15T16:25:44.913390Z","level":"info","event":"Filling up the DagBag from /opt/airflow/dags/etl_dag.py","logger":"airflow.models.dagbag.BundleDagBag","filename":"dagbag.py","lineno":593}
{"timestamp":"2026-03-15T16:26:27.368253Z","level":"info","event":"Filling up the DagBag from /opt/airflow/dags/etl_dag.py","logger":"airflow.models.dagbag.BundleDagBag","filename":"dagbag.py","lineno":593}
{"timestamp":"2026-03-15T16:26:58.528933Z","level":"info","event":"Filling up the DagBag from /opt/airflow/dags/etl_dag.py","logger":"airflow.models.dagbag.BundleDagBag","filename":"dagbag.py","lineno":593}
{"timestamp":"2026-03-15T16:27:29.777160Z","level":"info","event":"Filling up the DagBag from /opt/airflow/dags/etl_dag.py","logger":"airflow.models.dagbag.BundleDagBag","filename":"dagbag.py","lineno":593}
{"timestamp":"2026-03-15T16:28:02.759637Z","level":"info","event":"Filling up the DagBag from /opt/airflow/dags/etl_dag.py","logger":"airflow.models.dagbag.BundleDagBag","filename":"dagbag.py","lineno":593}
{"timestamp":"2026-03-15T16:28:37.023178Z","level":"info","event":"Filling up the DagBag from /opt/airflow/dags/etl_dag.py","logger":"airflow.models.dagbag.BundleDagBag","filename":"dagbag.py","lineno":593}
{"timestamp":"2026-03-15T16:29:18.490856Z","level":"info","event":"Filling up the DagBag from /opt/airflow/dags/etl_dag.py","logger":"airflow.models.dagbag.BundleDagBag","filename":"dagbag.py","lineno":593}
{"timestamp":"2026-03-15T16:30:03.790159Z","level":"info","event":"Filling up the DagBag from /opt/airflow/dags/etl_dag.py","logger":"airflow.models.dagbag.BundleDagBag","filename":"dagbag.py","lineno":593}
{"timestamp":"2026-03-15T16:30:36.577017Z","level":"info","event":"Filling up the DagBag from /opt/airflow/dags/etl_dag.py","logger":"airflow.models.dagbag.BundleDagBag","filename":"dagbag.py","lineno":593}
{"timestamp":"2026-03-15T16:31:09.055605Z","level":"info","event":"Filling up the DagBag from /opt/airflow/dags/etl_dag.py","logger":"airflow.models.dagbag.BundleDagBag","filename":"dagbag.py","lineno":593}
{"timestamp":"2026-03-15T16:31:41.675022Z","level":"info","event":"Filling up the DagBag from /opt/airflow/dags/etl_dag.py","logger":"airflow.models.dagbag.BundleDagBag","filename":"dagbag.py","lineno":593}
{"timestamp":"2026-03-15T16:32:27.411581Z","level":"info","event":"Filling up the DagBag from /opt/airflow/dags/etl_dag.py","logger":"airflow.models.dagbag.BundleDagBag","filename":"dagbag.py","lineno":593}
{"timestamp":"2026-03-15T16:33:00.500138Z","level":"info","event":"Filling up the DagBag from /opt/airflow/dags/etl_dag.py","logger":"airflow.models.dagbag.BundleDagBag","filename":"dagbag.py","lineno":593}
{"timestamp":"2026-03-15T16:34:01.123573Z","level":"info","event":"Filling up the DagBag from /opt/airflow/dags/etl_dag.py","logger":"airflow.models.dagbag.BundleDagBag","filename":"dagbag.py","lineno":593}
{"timestamp":"2026-03-15T16:34:42.750919Z","level":"info","event":"Filling up the DagBag from /opt/airflow/dags/etl_dag.py","logger":"airflow.models.dagbag.BundleDagBag","filename":"dagbag.py","lineno":593}
{"timestamp":"2026-03-15T16:35:55.147207Z","level":"info","event":"Filling up the DagBag from /opt/airflow/dags/etl_dag.py","logger":"airflow.models.dagbag.BundleDagBag","filename":"dagbag.py","lineno":593}
{"timestamp":"2026-03-15T17:02:06.794526Z","level":"info","event":"Filling up the DagBag from /opt/airflow/dags/etl_dag.py","logger":"airflow.models.dagbag.BundleDagBag","filename":"dagbag.py","lineno":593}
{"timestamp":"2026-03-15T17:02:38.058548Z","level":"info","event":"Filling up the DagBag from /opt/airflow/dags/etl_dag.py","logger":"airflow.models.dagbag.BundleDagBag","filename":"dagbag.py","lineno":593}
{"timestamp":"2026-03-15T17:03:09.231464Z","level":"info","event":"Filling up the DagBag from /opt/airflow/dags/etl_dag.py","logger":"airflow.models.dagbag.BundleDagBag","filename":"dagbag.py","lineno":593}
{"timestamp":"2026-03-15T17:03:42.613275Z","level":"info","event":"Filling up the DagBag from /opt/airflow/dags/etl_dag.py","logger":"airflow.models.dagbag.BundleDagBag","filename":"dagbag.py","lineno":593}
{"timestamp":"2026-03-15T17:04:20.579972Z","level":"info","event":"Filling up the DagBag from /opt/airflow/dags/etl_dag.py","logger":"airflow.models.dagbag.BundleDagBag","filename":"dagbag.py","lineno":593}
{"timestamp":"2026-03-15T17:04:58.899723Z","level":"info","event":"Filling up the DagBag from /opt/airflow/dags/etl_dag.py","logger":"airflow.models.dagbag.BundleDagBag","filename":"dagbag.py","lineno":593}
{"timestamp":"2026-03-15T17:06:03.207659Z","level":"info","event":"Filling up the DagBag from /opt/airflow/dags/etl_dag.py","logger":"airflow.models.dagbag.BundleDagBag","filename":"dagbag.py","lineno":593}
{"timestamp":"2026-03-15T17:06:40.364701Z","level":"info","event":"Filling up the DagBag from /opt/airflow/dags/etl_dag.py","logger":"airflow.models.dagbag.BundleDagBag","filename":"dagbag.py","lineno":593}
{"timestamp":"2026-03-15T17:07:25.033394Z","level":"info","event":"Filling up the DagBag from /opt/airflow/dags/etl_dag.py","logger":"airflow.models.dagbag.BundleDagBag","filename":"dagbag.py","lineno":593}
{"timestamp":"2026-03-15T17:08:10.433705Z","level":"info","event":"Filling up the DagBag from /opt/airflow/dags/etl_dag.py","logger":"airflow.models.dagbag.BundleDagBag","filename":"dagbag.py","lineno":593}
{"timestamp":"2026-03-15T17:10:05.997642Z","level":"info","event":"Filling up the DagBag from /opt/airflow/dags/etl_dag.py","logger":"airflow.models.dagbag.BundleDagBag","filename":"dagbag.py","lineno":593}
{"timestamp":"2026-03-15T17:10:37.913222Z","level":"error","event":"Process timed out, PID: 868","logger":"airflow.models.dagbag","filename":"dagbag.py","lineno":134}
{"timestamp":"2026-03-15T17:10:38.265472Z","level":"error","event":"Failed to import: /opt/airflow/dags/etl_dag.py","logger":"airflow.models.dagbag.BundleDagBag","filename":"dagbag.py","lineno":415,"error_detail":[{"exc_type":"AirflowTaskTimeout","exc_value":"DagBag import timeout for /opt/airflow/dags/etl_dag.py after 30.0s.\nPlease take a look at these docs to improve your DAG import time:\n* https://airflow.apache.org/docs/apache-airflow/3.1.7/best-practices.html#top-level-python-code\n* https://airflow.apache.org/docs/apache-airflow/3.1.7/best-practices.html#reducing-dag-complexity, PID: 868","exc_notes":[],"syntax_error":null,"is_cause":false,"frames":[{"filename":"/home/airflow/.local/lib/python3.12/site-packages/airflow/models/dagbag.py","lineno":405,"name":"parse"},{"filename":"<frozen importlib._bootstrap_external>","lineno":999,"name":"exec_module"},{"filename":"<frozen importlib._bootstrap>","lineno":488,"name":"_call_with_frames_removed"},{"filename":"/opt/airflow/dags/etl_dag.py","lineno":9,"name":"<module>"},{"filename":"/opt/airflow/src/lxml/xslt.pxi","lineno":867,"name":"init lxml.etree"},{"filename":"/usr/python/lib/python3.12/re/__init__.py","lineno":226,"name":"compile"},{"filename":"/home/airflow/.local/lib/python3.12/site-packages/airflow/models/dagbag.py","lineno":135,"name":"handle_timeout"}],"is_group":false,"exceptions":[]}]}
{"timestamp":"2026-03-15T17:45:09.802442Z","level":"info","event":"Filling up the DagBag from /opt/airflow/dags/etl_dag.py","logger":"airflow.models.dagbag.BundleDagBag","filename":"dagbag.py","lineno":593}
{"timestamp":"2026-03-15T17:45:44.334640Z","level":"info","event":"Filling up the DagBag from /opt/airflow/dags/etl_dag.py","logger":"airflow.models.dagbag.BundleDagBag","filename":"dagbag.py","lineno":593}
{"timestamp":"2026-03-15T17:46:19.736495Z","level":"info","event":"Filling up the DagBag from /opt/airflow/dags/etl_dag.py","logger":"airflow.models.dagbag.BundleDagBag","filename":"dagbag.py","lineno":593}
{"timestamp":"2026-03-15T17:47:00.454397Z","level":"info","event":"Filling up the DagBag from /opt/airflow/dags/etl_dag.py","logger":"airflow.models.dagbag.BundleDagBag","filename":"dagbag.py","lineno":593}
{"timestamp":"2026-03-15T17:47:34.474518Z","level":"info","event":"Filling up the DagBag from /opt/airflow/dags/etl_dag.py","logger":"airflow.models.dagbag.BundleDagBag","filename":"dagbag.py","lineno":593}
{"timestamp":"2026-03-15T17:48:22.483675Z","level":"info","event":"Filling up the DagBag from /opt/airflow/dags/etl_dag.py","logger":"airflow.models.dagbag.BundleDagBag","filename":"dagbag.py","lineno":593}
{"timestamp":"2026-03-15T17:48:57.262430Z","level":"info","event":"Filling up the DagBag from /opt/airflow/dags/etl_dag.py","logger":"airflow.models.dagbag.BundleDagBag","filename":"dagbag.py","lineno":593}
{"timestamp":"2026-03-15T17:49:36.510393Z","level":"info","event":"Filling up the DagBag from /opt/airflow/dags/etl_dag.py","logger":"airflow.models.dagbag.BundleDagBag","filename":"dagbag.py","lineno":593}
{"timestamp":"2026-03-15T17:50:15.068618Z","level":"info","event":"Filling up the DagBag from /opt/airflow/dags/etl_dag.py","logger":"airflow.models.dagbag.BundleDagBag","filename":"dagbag.py","lineno":593}
{"timestamp":"2026-03-15T17:50:52.491706Z","level":"info","event":"Filling up the DagBag from /opt/airflow/dags/etl_dag.py","logger":"airflow.models.dagbag.BundleDagBag","filename":"dagbag.py","lineno":593}
{"timestamp":"2026-03-15T17:51:53.083389Z","level":"info","event":"Filling up the DagBag from /opt/airflow/dags/etl_dag.py","logger":"airflow.models.dagbag.BundleDagBag","filename":"dagbag.py","lineno":593}
{"timestamp":"2026-03-15T17:52:31.741052Z","level":"info","event":"Filling up the DagBag from /opt/airflow/dags/etl_dag.py","logger":"airflow.models.dagbag.BundleDagBag","filename":"dagbag.py","lineno":593}
{"timestamp":"2026-03-15T17:54:18.488629Z","level":"info","event":"Filling up the DagBag from /opt/airflow/dags/etl_dag.py","logger":"airflow.models.dagbag.BundleDagBag","filename":"dagbag.py","lineno":593}
{"timestamp":"2026-03-15T17:54:49.863254Z","level":"error","event":"Process timed out, PID: 926","logger":"airflow.models.dagbag","filename":"dagbag.py","lineno":134}
{"timestamp":"2026-03-15T17:54:50.035517Z","level":"error","event":"Failed to import: /opt/airflow/dags/etl_dag.py","logger":"airflow.models.dagbag.BundleDagBag","filename":"dagbag.py","lineno":415,"error_detail":[{"exc_type":"AirflowTaskTimeout","exc_value":"DagBag import timeout for /opt/airflow/dags/etl_dag.py after 30.0s.\nPlease take a look at these docs to improve your DAG import time:\n* https://airflow.apache.org/docs/apache-airflow/3.1.7/best-practices.html#top-level-python-code\n* https://airflow.apache.org/docs/apache-airflow/3.1.7/best-practices.html#reducing-dag-complexity, PID: 926","exc_notes":[],"syntax_error":null,"is_cause":false,"frames":[{"filename":"/home/airflow/.local/lib/python3.12/site-packages/airflow/models/dagbag.py","lineno":405,"name":"parse"},{"filename":"<frozen importlib._bootstrap_external>","lineno":999,"name":"exec_module"},{"filename":"<frozen importlib._bootstrap>","lineno":488,"name":"_call_with_frames_removed"},{"filename":"/opt/airflow/dags/etl_dag.py","lineno":5,"name":"<module>"},{"filename":"/home/airflow/.local/lib/python3.12/site-packages/mysql/connector/__init__.py","lineno":73,"name":"<module>"},{"filename":"/home/airflow/.local/lib/python3.12/site-packages/mysql/connector/pooling.py","lineno":43,"name":"<module>"},{"filename":"/home/airflow/.local/lib/python3.12/site-packages/dns/resolver.py","lineno":30,"name":"<module>"},{"filename":"/home/airflow/.local/lib/python3.12/site-packages/dns/_ddr.py","lineno":11,"name":"<module>"},{"filename":"/home/airflow/.local/lib/python3.12/site-packages/dns/name.py","lineno":26,"name":"<module>"},{"filename":"<frozen importlib._bootstrap>","lineno":1349,"name":"_find_and_load"},{"filename":"/home/airflow/.local/lib/python3.12/site-packages/airflow/models/dagbag.py","lineno":135,"name":"handle_timeout"}],"is_group":false,"exceptions":[]}]}
