{"timestamp":"2026-03-10T00:49:53.914252Z","level":"info","event":"DAG bundles loaded: dags-folder, example_dags","logger":"airflow.dag_processing.bundles.manager.DagBundlesManager","filename":"manager.py","lineno":179}
{"timestamp":"2026-03-10T00:49:53.921736Z","level":"info","event":"Filling up the DagBag from /opt/airflow/dags/etl_dag.py","logger":"airflow.models.dagbag.BundleDagBag","filename":"dagbag.py","lineno":593}
{"timestamp":"2026-03-10T00:49:54.916808Z","level":"warning","event":"The `airflow.operators.python.PythonOperator` attribute is deprecated. Please use `'airflow.providers.standard.operators.python.PythonOperator'`.","category":"DeprecatedImportWarning","filename":"/opt/airflow/dags/etl_dag.py","lineno":2,"logger":"py.warnings"}
{"timestamp":"2026-03-10T00:49:55.110857Z","level":"info","event":"Task instance is in running state","logger":"task.stdout"}
{"timestamp":"2026-03-10T00:49:55.112406Z","level":"info","event":" Previous state of the Task instance: TaskInstanceState.QUEUED","logger":"task.stdout"}
{"timestamp":"2026-03-10T00:49:55.114538Z","level":"info","event":"Current task name:load","logger":"task.stdout"}
{"timestamp":"2026-03-10T00:49:55.115781Z","level":"info","event":"Dag name:sales_etl_star_schema","logger":"task.stdout"}
{"timestamp":"2026-03-10T00:49:57.884119Z","level":"error","event":"Task failed with exception","logger":"task","filename":"task_runner.py","lineno":1142,"error_detail":[{"exc_type":"ProgrammingError","exc_value":"Not all parameters were used in the SQL statement","exc_notes":[],"syntax_error":null,"is_cause":false,"frames":[{"filename":"/home/airflow/.local/lib/python3.12/site-packages/airflow/sdk/execution_time/task_runner.py","lineno":1068,"name":"run"},{"filename":"/home/airflow/.local/lib/python3.12/site-packages/airflow/sdk/execution_time/task_runner.py","lineno":1477,"name":"_execute_task"},{"filename":"/home/airflow/.local/lib/python3.12/site-packages/airflow/sdk/bases/operator.py","lineno":417,"name":"wrapper"},{"filename":"/home/airflow/.local/lib/python3.12/site-packages/airflow/providers/standard/operators/python.py","lineno":228,"name":"execute"},{"filename":"/home/airflow/.local/lib/python3.12/site-packages/airflow/providers/standard/operators/python.py","lineno":251,"name":"execute_callable"},{"filename":"/home/airflow/.local/lib/python3.12/site-packages/airflow/sdk/execution_time/callback_runner.py","lineno":82,"name":"run"},{"filename":"/opt/airflow/dags/etl_dag.py","lineno":95,"name":"load"},{"filename":"/home/airflow/.local/lib/python3.12/site-packages/mysql/connector/cursor_cext.py","lineno":335,"name":"execute"}],"is_group":false,"exceptions":[]}]}
{"timestamp":"2026-03-10T00:49:57.906619Z","level":"info","event":"Task instance in failure state","logger":"task.stdout"}
{"timestamp":"2026-03-10T00:49:57.908043Z","level":"info","event":"Task start","logger":"task.stdout"}
{"timestamp":"2026-03-10T00:49:57.913009Z","level":"info","event":"Task:<Task(PythonOperator): load>","logger":"task.stdout"}
{"timestamp":"2026-03-10T00:49:57.918445Z","level":"info","event":"Failure caused by Not all parameters were used in the SQL statement","logger":"task.stdout"}
{"timestamp":"2026-03-10T01:26:10.945244Z","level":"info","event":"DAG bundles loaded: dags-folder, example_dags","logger":"airflow.dag_processing.bundles.manager.DagBundlesManager","filename":"manager.py","lineno":179}
{"timestamp":"2026-03-10T01:26:10.999522Z","level":"info","event":"Filling up the DagBag from /opt/airflow/dags/etl_dag.py","logger":"airflow.models.dagbag.BundleDagBag","filename":"dagbag.py","lineno":593}
{"timestamp":"2026-03-10T01:26:12.739124Z","level":"warning","event":"The `airflow.operators.python.PythonOperator` attribute is deprecated. Please use `'airflow.providers.standard.operators.python.PythonOperator'`.","category":"DeprecatedImportWarning","filename":"/opt/airflow/dags/etl_dag.py","lineno":2,"logger":"py.warnings"}
{"timestamp":"2026-03-10T01:26:13.440776Z","level":"info","event":"Task instance is in running state","logger":"task.stdout"}
{"timestamp":"2026-03-10T01:26:13.452570Z","level":"info","event":" Previous state of the Task instance: TaskInstanceState.QUEUED","logger":"task.stdout"}
{"timestamp":"2026-03-10T01:26:13.469786Z","level":"info","event":"Current task name:load","logger":"task.stdout"}
{"timestamp":"2026-03-10T01:26:13.475157Z","level":"info","event":"Dag name:sales_etl_star_schema","logger":"task.stdout"}
{"timestamp":"2026-03-10T01:26:24.893240Z","level":"error","event":"Task failed with exception","logger":"task","filename":"task_runner.py","lineno":1142,"error_detail":[{"exc_type":"ProgrammingError","exc_value":"1146 (42S02): Table 'sales_etl.daily_sales_data' doesn't exist","exc_notes":[],"syntax_error":null,"is_cause":false,"frames":[{"filename":"/home/airflow/.local/lib/python3.12/site-packages/airflow/sdk/execution_time/task_runner.py","lineno":1068,"name":"run"},{"filename":"/home/airflow/.local/lib/python3.12/site-packages/airflow/sdk/execution_time/task_runner.py","lineno":1477,"name":"_execute_task"},{"filename":"/home/airflow/.local/lib/python3.12/site-packages/airflow/sdk/bases/operator.py","lineno":417,"name":"wrapper"},{"filename":"/home/airflow/.local/lib/python3.12/site-packages/airflow/providers/standard/operators/python.py","lineno":228,"name":"execute"},{"filename":"/home/airflow/.local/lib/python3.12/site-packages/airflow/providers/standard/operators/python.py","lineno":251,"name":"execute_callable"},{"filename":"/home/airflow/.local/lib/python3.12/site-packages/airflow/sdk/execution_time/callback_runner.py","lineno":82,"name":"run"},{"filename":"/opt/airflow/dags/etl_dag.py","lineno":126,"name":"load"},{"filename":"/home/airflow/.local/lib/python3.12/site-packages/mysql/connector/cursor_cext.py","lineno":353,"name":"execute"},{"filename":"/home/airflow/.local/lib/python3.12/site-packages/mysql/connector/opentelemetry/context_propagation.py","lineno":106,"name":"wrapper"},{"filename":"/home/airflow/.local/lib/python3.12/site-packages/mysql/connector/connection_cext.py","lineno":781,"name":"cmd_query"}],"is_group":false,"exceptions":[]},{"exc_type":"MySQLInterfaceError","exc_value":"Table 'sales_etl.daily_sales_data' doesn't exist","exc_notes":[],"syntax_error":null,"is_cause":true,"frames":[{"filename":"/home/airflow/.local/lib/python3.12/site-packages/mysql/connector/connection_cext.py","lineno":772,"name":"cmd_query"}],"is_group":false,"exceptions":[]}]}
{"timestamp":"2026-03-10T01:26:24.976005Z","level":"info","event":"Task instance in failure state","logger":"task.stdout"}
{"timestamp":"2026-03-10T01:26:24.993969Z","level":"info","event":"Task start","logger":"task.stdout"}
{"timestamp":"2026-03-10T01:26:25.006581Z","level":"info","event":"Task:<Task(PythonOperator): load>","logger":"task.stdout"}
{"timestamp":"2026-03-10T01:26:25.012782Z","level":"info","event":"Failure caused by 1146 (42S02): Table 'sales_etl.daily_sales_data' doesn't exist","logger":"task.stdout"}
